Diagnose log at 2026-10-05T14:16:36Z

AppPath: C:\Program Files\Git\mingw64\bin\git-credential-manager.exe
InstallDir: C:\Program Files\Git\mingw64\bin\
Version: 2.6.0+3c28096588f549cb46f36b552390514356830abe

------------
Diagnostic: Environment
Skipped: False
Success: True
Exception: None
Log:
OSType: Windows
OSVersion: 10.0 (build 26200)
Reading environment variables... OK
 Variables:
HOMEPATH=\Users\KIIT
DriverData=C:\Windows\System32\Drivers\DriverData
COMPUTERNAME=KIIT2382
MSYSTEM=MINGW64
CommonProgramFiles(x86)=C:\Program Files (x86)\Common Files
OneDrive=C:\Users\KIIT\OneDrive
WPSCLI_HOME=C:\Users\KIIT\AppData\Local\Kingsoft\WPS Office\12.1.0.27458\clitool
ProgramFiles(x86)=C:\Program Files (x86)
TMP=C:\Users\KIIT\AppData\Local\Temp
CONFIG_SITE=C:/Program Files/Git/etc/config.site
LC_CTYPE=en_US.UTF-8
EFC_2372_2775293581=1
EFC_2372_4126798990=1
MSYSTEM_PREFIX=C:/Program Files/Git/mingw64
EFC_2372_1592913036=1
USERNAME=KIIT
MINGW_PREFIX=C:/Program Files/Git/mingw64
GIT_EXEC_PATH=C:/Program Files/Git/mingw64/libexec/git-core
ACLOCAL_PATH=C:\Program Files\Git\mingw64\share\aclocal;C:\Program Files\Git\usr\share\aclocal
TEMP=C:\Users\KIIT\AppData\Local\Temp
LOCALAPPDATA=C:\Users\KIIT\AppData\Local
MANPATH=C:\Program Files\Git\mingw64\local\man;C:\Program Files\Git\mingw64\share\man;C:\Program Files\Git\usr\local\man;C:\Program Files\Git\usr\share\man;C:\Program Files\Git\usr\man;C:\Program Files\Git\share\man
SHLVL=1
EFC_2372_2283032206=1
PROCESSOR_IDENTIFIER=AMD64 Family 25 Model 117 Stepping 2, AuthenticAMD
MSYSTEM_CARCH=x86_64
PROGRAMFILES=C:\Program Files (x86)
ProgramData=C:\ProgramData
EFC_2372_2946480783=1
ORIGINAL_TMP=C:/Users/KIIT/AppData/Local/Temp
platformcode=AN
PROCESSOR_REVISION=7502
SYSTEMROOT=C:\WINDOWS
TERM_PROGRAM=mintty
PROCESSOR_LEVEL=25
NUMBER_OF_PROCESSORS=16
SSH_ASKPASS=C:/Program Files/Git/mingw64/bin/git-askpass.exe
EFC_2372_3789132940=1
APPDATA=C:\Users\KIIT\AppData\Roaming
SYSTEMDRIVE=C:
TERM_PROGRAM_VERSION=3.7.6
PSModulePath=C:\Program Files\WindowsPowerShell\Modules;C:\WINDOWS\system32\WindowsPowerShell\v1.0\Modules
PUBLIC=C:\Users\Public
FPS_BROWSER_USER_PROFILE_STRING=Default
PKG_CONFIG_PATH=C:\Program Files\Git\mingw64\lib\pkgconfig;C:\Program Files\Git\mingw64\share\pkgconfig
USERDOMAIN_ROAMINGPROFILE=KIIT2382
MSYSTEM_CHOST=x86_64-w64-mingw32
ORIGINAL_TEMP=C:/Users/KIIT/AppData/Local/Temp
TERM=xterm
PKG_CONFIG_SYSTEM_LIBRARY_PATH=C:/Program Files/Git/mingw64/lib
PLINK_PROTOCOL=ssh
INFOPATH=C:\Program Files\Git\mingw64\local\info;C:\Program Files\Git\mingw64\share\info;C:\Program Files\Git\usr\local\info;C:\Program Files\Git\usr\share\info;C:\Program Files\Git\usr\info;C:\Program Files\Git\share\info
ProgramW6432=C:\Program Files
PATH=C:/Program Files/Git/mingw64/libexec/git-core;C:\Users\KIIT\bin;C:\Program Files\Git\mingw64\bin;C:\Program Files\Git\usr\local\bin;C:\Program Files\Git\usr\bin;C:\Program Files\Git\usr\bin;C:\Program Files\Git\mingw64\bin;C:\Program Files\Git\usr\bin;C:\Users\KIIT\bin;C:\Program Files (x86)\NVIDIA Corporation\PhysX\Common;C:\Program Files\Common Files\Oracle\Java\javapath;C:\Program Files (x86)\Common Files\Oracle\Java\java8path;C:\Program Files (x86)\Common Files\Oracle\Java\javapath;C:\oraclexe\app\oracle\product\11.2.0\server\bin;C:\WINDOWS\system32;C:\WINDOWS;C:\WINDOWS\System32\Wbem;C:\WINDOWS\System32\WindowsPowerShell\v1.0;C:\WINDOWS\System32\OpenSSH;C:\Program Files\Java\jre-1.8\bin;C:\Program Files\Java\jdk-22\bin;C:\Program Files\dotnet;C:\Program Files (x86)\Windows Kits\10\Windows Performance Toolkit;C:\Program Files\Git\cmd;C:\Program Files\nodejs;C:\MinGW\bin;E:\SP\bin;C:\Program Files\MATLAB\R2025a\bin;C:\Program Files\Cloudflare\Cloudflare WARP;C:\Program Files\WSL;C:\Program Files\MySQL\MySQL Shell 8.0\bin;C:\Users\KIIT\AppData\Local\Microsoft\WindowsApps;C:\Program Files\Java\jdk-22;C:\MinGW\bin;C:\Users\KIIT\AppData\Roaming\npm;C:\Users\KIIT\AppData\Local\Programs\Microsoft VS Code\bin;C:\Users\KIIT\AppData\Local\Python\bin;E:\Latex\miktex\bin\x64;C:\Users\KIIT\AppData\Local\Kingsoft\WPS Office\12.1.0.27458\clitool;C:\Program Files\Git\usr\bin\vendor_perl;C:\Program Files\Git\usr\bin\core_perl
MINGW_CHOST=x86_64-w64-mingw32
RegionCode=APJ
GIT_TRACE2_PARENT_SID=9f575a27-b860-48da-aa5a-d67010c39d9e
FPS_BROWSER_APP_PROFILE_STRING=Internet Explorer
VBOX_HWVIRTEX_IGNORE_SVM_IN_USE=1
OnlineServices=Online Services
TMPDIR=C:\Users\KIIT\AppData\Local\Temp
PATHEXT=.COM;.EXE;.BAT;.CMD;.VBS;.VBE;.JS;.JSE;.WSF;.WSH;.MSC
SHELL=C:\Program Files\Git\usr\bin\bash.exe
HOME=C:\Users\KIIT
COMSPEC=C:\WINDOWS\system32\cmd.exe
LOGONSERVER=\\KIIT2382
USERPROFILE=C:\Users\KIIT
DISPLAY=needs-to-be-defined
COMMONPROGRAMFILES=C:\Program Files (x86)\Common Files
WINDIR=C:\WINDOWS
_=C:/Program Files/Git/mingw64/bin/git
USERDOMAIN=KIIT2382
EFC_2372_1262719628=1
CommonProgramW6432=C:\Program Files\Common Files
HOMEDRIVE=C:
OLDPWD=C:/Users/KIIT
MINGW_PACKAGE_PREFIX=mingw-w64-x86_64
SESSIONNAME=Console
PWD=E:/Verilog/LFSR Stream Cipher
EXEPATH=C:\Program Files\Git
HOSTNAME=KIIT2382
PROCESSOR_ARCHITEW6432=AMD64
ORIGINAL_PATH=C:\Program Files\Git\mingw64\bin;C:\Program Files\Git\usr\bin;C:\Users\KIIT\bin;C:\Program Files (x86)\NVIDIA Corporation\PhysX\Common;C:\Program Files\Common Files\Oracle\Java\javapath;C:\Program Files (x86)\Common Files\Oracle\Java\java8path;C:\Program Files (x86)\Common Files\Oracle\Java\javapath;C:\oraclexe\app\oracle\product\11.2.0\server\bin;C:\WINDOWS\system32;C:\WINDOWS;C:\WINDOWS\System32\Wbem;C:\WINDOWS\System32\WindowsPowerShell\v1.0;C:\WINDOWS\System32\OpenSSH;C:\Program Files\Java\jre-1.8\bin;C:\Program Files\Java\jdk-22\bin;C:\Program Files\dotnet;C:\Program Files (x86)\Windows Kits\10\Windows Performance Toolkit;C:\Program Files\Git\cmd;C:\Program Files\nodejs;C:\MinGW\bin;E:\SP\bin;C:\Program Files\MATLAB\R2025a\bin;C:\Program Files\Cloudflare\Cloudflare WARP;C:\Program Files\WSL;C:\Program Files\MySQL\MySQL Shell 8.0\bin;C:\Users\KIIT\AppData\Local\Microsoft\WindowsApps;C:\Program Files\Java\jdk-22;C:\MinGW\bin;C:\Users\KIIT\AppData\Roaming\npm;C:\Users\KIIT\AppData\Local\Programs\Microsoft VS Code\bin;C:\Users\KIIT\AppData\Local\Python\bin;E:\Latex\miktex\bin\x64;C:\Users\KIIT\AppData\Local\Kingsoft\WPS Office\12.1.0.27458\clitool
PROCESSOR_ARCHITECTURE=x86
PS1=\[\033]0;$TITLEPREFIX:$PWD\007\]\n\[\033[32m\]\u@\h \[\033[35m\]$MSYSTEM \[\033[33m\]\w\[\033[36m\]`__git_ps1`\[\033[0m\]\n$ 
OS=Windows_NT
PKG_CONFIG_SYSTEM_INCLUDE_PATH=C:/Program Files/Git/mingw64/include
OneDriveConsumer=C:\Users\KIIT\OneDrive
ALLUSERSPROFILE=C:\ProgramData


------------
Diagnostic: File system
Skipped: False
Success: True
Exception: None
Log:
Temporary directory is 'C:\Users\KIIT\AppData\Local\Temp\'...
Checking basic file I/O...
Writing to temporary file 'C:\Users\KIIT\AppData\Local\Temp\67bb462aa857d6a87f6f45f5'... OK
Reading from temporary file 'C:\Users\KIIT\AppData\Local\Temp\67bb462aa857d6a87f6f45f5'... OK
Deleting temporary file 'C:\Users\KIIT\AppData\Local\Temp\67bb462aa857d6a87f6f45f5'... OK
Testing IFileSystem instance...
UserHomePath: C:\Users\KIIT
UserDataDirectoryPath: C:\Users\KIIT\.gcm
GetCurrentDirectory(): E:\Verilog\LFSR Stream Cipher

------------
Diagnostic: Networking
Skipped: False
Success: True
Exception: None
Log:
Checking networking and HTTP stack...
Creating HTTP client... OK
IsNetworkAvailable: True
Sending HEAD request to http://example.com...Sending HEAD request to https://example.com... OK
 OK
Acquiring free TCP port... OK
Testing local HTTP loopback connections...
Creating new HTTP listener for http://localhost:51308/... OK
Waiting for loopback connection... OK
Writing response... OK
Waiting for response data... OK
Loopback connection data OK

------------
Diagnostic: Git
Skipped: False
Success: True
Exception: None
Log:
Getting Git version... OK
Git version is '2.47.1.windows.1'
Locating current repository...Git repository at 'E:/Verilog/LFSR Stream Cipher/.git'
 OK
Listing all Git configuration... OK
Git configuration:
file:C:/Program Files/Git/etc/gitconfig	diff.astextplain.textconv=astextplain
file:C:/Program Files/Git/etc/gitconfig	filter.lfs.clean=git-lfs clean -- %f
file:C:/Program Files/Git/etc/gitconfig	filter.lfs.smudge=git-lfs smudge -- %f
file:C:/Program Files/Git/etc/gitconfig	filter.lfs.process=git-lfs filter-process
file:C:/Program Files/Git/etc/gitconfig	filter.lfs.required=true
file:C:/Program Files/Git/etc/gitconfig	http.sslbackend=openssl
file:C:/Program Files/Git/etc/gitconfig	http.sslcainfo=C:/Program Files/Git/mingw64/etc/ssl/certs/ca-bundle.crt
file:C:/Program Files/Git/etc/gitconfig	core.autocrlf=true
file:C:/Program Files/Git/etc/gitconfig	core.fscache=true
file:C:/Program Files/Git/etc/gitconfig	core.symlinks=false
file:C:/Program Files/Git/etc/gitconfig	pull.rebase=false
file:C:/Program Files/Git/etc/gitconfig	credential.helper=manager
file:C:/Program Files/Git/etc/gitconfig	credential.https://dev.azure.com.usehttppath=true
file:C:/Program Files/Git/etc/gitconfig	init.defaultbranch=master
file:C:/Users/KIIT/.gitconfig	user.name=Kushagrapb
file:C:/Users/KIIT/.gitconfig	user.email=kushagrapb@gmail.com
file:.git/config	core.repositoryformatversion=0
file:.git/config	core.filemode=false
file:.git/config	core.bare=false
file:.git/config	core.logallrefupdates=true
file:.git/config	core.symlinks=false
file:.git/config	core.ignorecase=true


------------
Diagnostic: Credential storage
Skipped: False
Success: True
Exception: None
Log:
ICredentialStore instance is of type: CredentialStore
Writing test credential... OK
Reading test credential... OK
Deleting test credential... OK

------------
Diagnostic: Microsoft authentication (AAD/MSA)
Skipped: False
Success: True
Exception: None
Log:
Broker is not enabled.
Flow type is: Auto
Gathering MSAL token cache data... OK
CacheDirectory: C:\Users\KIIT\AppData\Local\.IdentityService
CacheFileName: msal.cache
CacheFilePath: C:\Users\KIIT\AppData\Local\.IdentityService\msal.cache
Creating cache helper... OK
Verifying MSAL token cache persistence... OK

------------
Diagnostic: GitHub API
Skipped: False
Success: True
Exception: None
Log:
Using 'https://github.com/' as API target.
Querying '/meta' endpoint... OK

