Copyright 1986-2019 Xilinx, Inc. All Rights Reserved.
-----------------------------------------------------------------------------------------------------------------------------------------------------------------------------------------
| Tool Version : Vivado v.2019.2 (win64) Build 2708876 Wed Nov  6 21:40:23 MST 2019
| Date         : Mon May 11 15:07:06 2026
| Host         : KIIT2382 running 64-bit major release  (build 9200)
| Command      : report_methodology -file tt_um_lfsr_cipher_methodology_drc_routed.rpt -pb tt_um_lfsr_cipher_methodology_drc_routed.pb -rpx tt_um_lfsr_cipher_methodology_drc_routed.rpx
| Design       : tt_um_lfsr_cipher
| Device       : xc7a35tcpg236-1
| Speed File   : -1
| Design State : Fully Routed
-----------------------------------------------------------------------------------------------------------------------------------------------------------------------------------------

Report Methodology

Table of Contents
-----------------
1. REPORT SUMMARY
2. REPORT DETAILS

1. REPORT SUMMARY
-----------------
            Netlist: netlist
          Floorplan: checkpoint_tt_um_lfsr_cipher
      Design limits: <entire design considered>
             Max violations: <unlimited>
             Violations found: 48
+-----------+------------------+------------------------------+------------+
| Rule      | Severity         | Description                  | Violations |
+-----------+------------------+------------------------------+------------+
| TIMING-17 | Critical Warning | Non-clocked sequential cell  | 24         |
| LUTAR-1   | Warning          | LUT drives async reset alert | 16         |
| TIMING-20 | Warning          | Non-clocked latch            | 8          |
+-----------+------------------+------------------------------+------------+

2. REPORT DETAILS
-----------------
TIMING-17#1 Critical Warning
Non-clocked sequential cell  
The clock pin lfsr_reg[0]/C is not reached by a timing clock
Related violations: <none>

TIMING-17#2 Critical Warning
Non-clocked sequential cell  
The clock pin lfsr_reg[10]_C/C is not reached by a timing clock
Related violations: <none>

TIMING-17#3 Critical Warning
Non-clocked sequential cell  
The clock pin lfsr_reg[10]_P/C is not reached by a timing clock
Related violations: <none>

TIMING-17#4 Critical Warning
Non-clocked sequential cell  
The clock pin lfsr_reg[11]_C/C is not reached by a timing clock
Related violations: <none>

TIMING-17#5 Critical Warning
Non-clocked sequential cell  
The clock pin lfsr_reg[11]_P/C is not reached by a timing clock
Related violations: <none>

TIMING-17#6 Critical Warning
Non-clocked sequential cell  
The clock pin lfsr_reg[12]_C/C is not reached by a timing clock
Related violations: <none>

TIMING-17#7 Critical Warning
Non-clocked sequential cell  
The clock pin lfsr_reg[12]_P/C is not reached by a timing clock
Related violations: <none>

TIMING-17#8 Critical Warning
Non-clocked sequential cell  
The clock pin lfsr_reg[13]_C/C is not reached by a timing clock
Related violations: <none>

TIMING-17#9 Critical Warning
Non-clocked sequential cell  
The clock pin lfsr_reg[13]_P/C is not reached by a timing clock
Related violations: <none>

TIMING-17#10 Critical Warning
Non-clocked sequential cell  
The clock pin lfsr_reg[14]_C/C is not reached by a timing clock
Related violations: <none>

TIMING-17#11 Critical Warning
Non-clocked sequential cell  
The clock pin lfsr_reg[14]_P/C is not reached by a timing clock
Related violations: <none>

TIMING-17#12 Critical Warning
Non-clocked sequential cell  
The clock pin lfsr_reg[15]_C/C is not reached by a timing clock
Related violations: <none>

TIMING-17#13 Critical Warning
Non-clocked sequential cell  
The clock pin lfsr_reg[15]_P/C is not reached by a timing clock
Related violations: <none>

TIMING-17#14 Critical Warning
Non-clocked sequential cell  
The clock pin lfsr_reg[1]/C is not reached by a timing clock
Related violations: <none>

TIMING-17#15 Critical Warning
Non-clocked sequential cell  
The clock pin lfsr_reg[2]/C is not reached by a timing clock
Related violations: <none>

TIMING-17#16 Critical Warning
Non-clocked sequential cell  
The clock pin lfsr_reg[3]/C is not reached by a timing clock
Related violations: <none>

TIMING-17#17 Critical Warning
Non-clocked sequential cell  
The clock pin lfsr_reg[4]/C is not reached by a timing clock
Related violations: <none>

TIMING-17#18 Critical Warning
Non-clocked sequential cell  
The clock pin lfsr_reg[5]/C is not reached by a timing clock
Related violations: <none>

TIMING-17#19 Critical Warning
Non-clocked sequential cell  
The clock pin lfsr_reg[6]/C is not reached by a timing clock
Related violations: <none>

TIMING-17#20 Critical Warning
Non-clocked sequential cell  
The clock pin lfsr_reg[7]/C is not reached by a timing clock
Related violations: <none>

TIMING-17#21 Critical Warning
Non-clocked sequential cell  
The clock pin lfsr_reg[8]_C/C is not reached by a timing clock
Related violations: <none>

TIMING-17#22 Critical Warning
Non-clocked sequential cell  
The clock pin lfsr_reg[8]_P/C is not reached by a timing clock
Related violations: <none>

TIMING-17#23 Critical Warning
Non-clocked sequential cell  
The clock pin lfsr_reg[9]_C/C is not reached by a timing clock
Related violations: <none>

TIMING-17#24 Critical Warning
Non-clocked sequential cell  
The clock pin lfsr_reg[9]_P/C is not reached by a timing clock
Related violations: <none>

LUTAR-1#1 Warning
LUT drives async reset alert  
LUT cell lfsr_reg[10]_LDC_i_1, with 2 or more inputs, drives asynchronous preset/clear pin(s) lfsr_reg[10]_P/PRE. The LUT may glitch and trigger an unexpected reset, even if it is a properly timed path.
Related violations: <none>

LUTAR-1#2 Warning
LUT drives async reset alert  
LUT cell lfsr_reg[10]_LDC_i_2, with 2 or more inputs, drives asynchronous preset/clear pin(s) lfsr_reg[10]_C/CLR, lfsr_reg[10]_LDC/CLR. The LUT may glitch and trigger an unexpected reset, even if it is a properly timed path.
Related violations: <none>

LUTAR-1#3 Warning
LUT drives async reset alert  
LUT cell lfsr_reg[11]_LDC_i_1, with 2 or more inputs, drives asynchronous preset/clear pin(s) lfsr_reg[11]_P/PRE. The LUT may glitch and trigger an unexpected reset, even if it is a properly timed path.
Related violations: <none>

LUTAR-1#4 Warning
LUT drives async reset alert  
LUT cell lfsr_reg[11]_LDC_i_2, with 2 or more inputs, drives asynchronous preset/clear pin(s) lfsr_reg[11]_C/CLR, lfsr_reg[11]_LDC/CLR. The LUT may glitch and trigger an unexpected reset, even if it is a properly timed path.
Related violations: <none>

LUTAR-1#5 Warning
LUT drives async reset alert  
LUT cell lfsr_reg[12]_LDC_i_1, with 2 or more inputs, drives asynchronous preset/clear pin(s) lfsr_reg[12]_P/PRE. The LUT may glitch and trigger an unexpected reset, even if it is a properly timed path.
Related violations: <none>

LUTAR-1#6 Warning
LUT drives async reset alert  
LUT cell lfsr_reg[12]_LDC_i_2, with 2 or more inputs, drives asynchronous preset/clear pin(s) lfsr_reg[12]_C/CLR, lfsr_reg[12]_LDC/CLR. The LUT may glitch and trigger an unexpected reset, even if it is a properly timed path.
Related violations: <none>

LUTAR-1#7 Warning
LUT drives async reset alert  
LUT cell lfsr_reg[13]_LDC_i_1, with 2 or more inputs, drives asynchronous preset/clear pin(s) lfsr_reg[13]_P/PRE. The LUT may glitch and trigger an unexpected reset, even if it is a properly timed path.
Related violations: <none>

LUTAR-1#8 Warning
LUT drives async reset alert  
LUT cell lfsr_reg[13]_LDC_i_2, with 2 or more inputs, drives asynchronous preset/clear pin(s) lfsr_reg[13]_C/CLR, lfsr_reg[13]_LDC/CLR. The LUT may glitch and trigger an unexpected reset, even if it is a properly timed path.
Related violations: <none>

LUTAR-1#9 Warning
LUT drives async reset alert  
LUT cell lfsr_reg[14]_LDC_i_1, with 2 or more inputs, drives asynchronous preset/clear pin(s) lfsr_reg[14]_P/PRE. The LUT may glitch and trigger an unexpected reset, even if it is a properly timed path.
Related violations: <none>

LUTAR-1#10 Warning
LUT drives async reset alert  
LUT cell lfsr_reg[14]_LDC_i_2, with 2 or more inputs, drives asynchronous preset/clear pin(s) lfsr_reg[14]_C/CLR, lfsr_reg[14]_LDC/CLR. The LUT may glitch and trigger an unexpected reset, even if it is a properly timed path.
Related violations: <none>

LUTAR-1#11 Warning
LUT drives async reset alert  
LUT cell lfsr_reg[15]_LDC_i_1, with 2 or more inputs, drives asynchronous preset/clear pin(s) lfsr_reg[15]_P/PRE. The LUT may glitch and trigger an unexpected reset, even if it is a properly timed path.
Related violations: <none>

LUTAR-1#12 Warning
LUT drives async reset alert  
LUT cell lfsr_reg[15]_LDC_i_2, with 2 or more inputs, drives asynchronous preset/clear pin(s) lfsr_reg[15]_C/CLR, lfsr_reg[15]_LDC/CLR. The LUT may glitch and trigger an unexpected reset, even if it is a properly timed path.
Related violations: <none>

LUTAR-1#13 Warning
LUT drives async reset alert  
LUT cell lfsr_reg[8]_LDC_i_1, with 2 or more inputs, drives asynchronous preset/clear pin(s) lfsr_reg[8]_P/PRE. The LUT may glitch and trigger an unexpected reset, even if it is a properly timed path.
Related violations: <none>

LUTAR-1#14 Warning
LUT drives async reset alert  
LUT cell lfsr_reg[8]_LDC_i_2, with 2 or more inputs, drives asynchronous preset/clear pin(s) lfsr_reg[8]_C/CLR, lfsr_reg[8]_LDC/CLR. The LUT may glitch and trigger an unexpected reset, even if it is a properly timed path.
Related violations: <none>

LUTAR-1#15 Warning
LUT drives async reset alert  
LUT cell lfsr_reg[9]_LDC_i_1, with 2 or more inputs, drives asynchronous preset/clear pin(s) lfsr_reg[9]_P/PRE. The LUT may glitch and trigger an unexpected reset, even if it is a properly timed path.
Related violations: <none>

LUTAR-1#16 Warning
LUT drives async reset alert  
LUT cell lfsr_reg[9]_LDC_i_2, with 2 or more inputs, drives asynchronous preset/clear pin(s) lfsr_reg[9]_C/CLR, lfsr_reg[9]_LDC/CLR. The LUT may glitch and trigger an unexpected reset, even if it is a properly timed path.
Related violations: <none>

TIMING-20#1 Warning
Non-clocked latch  
The latch lfsr_reg[10]_LDC cannot be properly analyzed as its control pin lfsr_reg[10]_LDC/G is not reached by a timing clock
Related violations: <none>

TIMING-20#2 Warning
Non-clocked latch  
The latch lfsr_reg[11]_LDC cannot be properly analyzed as its control pin lfsr_reg[11]_LDC/G is not reached by a timing clock
Related violations: <none>

TIMING-20#3 Warning
Non-clocked latch  
The latch lfsr_reg[12]_LDC cannot be properly analyzed as its control pin lfsr_reg[12]_LDC/G is not reached by a timing clock
Related violations: <none>

TIMING-20#4 Warning
Non-clocked latch  
The latch lfsr_reg[13]_LDC cannot be properly analyzed as its control pin lfsr_reg[13]_LDC/G is not reached by a timing clock
Related violations: <none>

TIMING-20#5 Warning
Non-clocked latch  
The latch lfsr_reg[14]_LDC cannot be properly analyzed as its control pin lfsr_reg[14]_LDC/G is not reached by a timing clock
Related violations: <none>

TIMING-20#6 Warning
Non-clocked latch  
The latch lfsr_reg[15]_LDC cannot be properly analyzed as its control pin lfsr_reg[15]_LDC/G is not reached by a timing clock
Related violations: <none>

TIMING-20#7 Warning
Non-clocked latch  
The latch lfsr_reg[8]_LDC cannot be properly analyzed as its control pin lfsr_reg[8]_LDC/G is not reached by a timing clock
Related violations: <none>

TIMING-20#8 Warning
Non-clocked latch  
The latch lfsr_reg[9]_LDC cannot be properly analyzed as its control pin lfsr_reg[9]_LDC/G is not reached by a timing clock
Related violations: <none>


